2026-06-19 10:59:21,834 INFO o.a.j.u.JMeterUtils: Setting Locale to en_EN
2026-06-19 10:59:21,871 INFO o.a.j.JMeter: Loading user properties from: D:\AutomationTraining\playwright-bdd-framework\step-definitions\load\jmeter\bin\user.properties
2026-06-19 10:59:21,872 INFO o.a.j.JMeter: Loading system properties from: D:\AutomationTraining\playwright-bdd-framework\step-definitions\load\jmeter\bin\system.properties
2026-06-19 10:59:21,888 INFO o.a.j.JMeter: Copyright (c) 1998-2024 The Apache Software Foundation
2026-06-19 10:59:21,888 INFO o.a.j.JMeter: Version 5.6.3
2026-06-19 10:59:21,889 INFO o.a.j.JMeter: java.version=24.0.2
2026-06-19 10:59:21,889 INFO o.a.j.JMeter: java.vm.name=Java HotSpot(TM) 64-Bit Server VM
2026-06-19 10:59:21,889 INFO o.a.j.JMeter: os.name=Windows 10
2026-06-19 10:59:21,889 INFO o.a.j.JMeter: os.arch=amd64
2026-06-19 10:59:21,889 INFO o.a.j.JMeter: os.version=10.0
2026-06-19 10:59:21,889 INFO o.a.j.JMeter: file.encoding=UTF-8
2026-06-19 10:59:21,890 INFO o.a.j.JMeter: java.awt.headless=true
2026-06-19 10:59:21,890 INFO o.a.j.JMeter: Max memory     =1073741824
2026-06-19 10:59:21,890 INFO o.a.j.JMeter: Available Processors =4
2026-06-19 10:59:21,921 INFO o.a.j.JMeter: Default Locale=English (EN)
2026-06-19 10:59:21,922 INFO o.a.j.JMeter: JMeter  Locale=English (EN)
2026-06-19 10:59:21,922 INFO o.a.j.JMeter: JMeterHome=D:\AutomationTraining\playwright-bdd-framework\step-definitions\load\jmeter
2026-06-19 10:59:21,922 INFO o.a.j.JMeter: user.dir  =D:\AutomationTraining\playwright-bdd-framework
2026-06-19 10:59:21,923 INFO o.a.j.JMeter: PWD       =D:\AutomationTraining\playwright-bdd-framework
2026-06-19 10:59:21,932 INFO o.a.j.JMeter: IP: 192.168.68.114 Name: DESKTOP-5ITQURM FullName: DESKTOP-5ITQURM
2026-06-19 10:59:21,954 ERROR o.a.j.JMeter: An error occurred: 
java.lang.IllegalArgumentException: Cannot write to 'D:\AutomationTraining\playwright-bdd-framework\step-definitions\load\jmeter\report-output' as folder is not empty
	at org.apache.jorphan.util.JOrphanUtils.canSafelyWriteToFolder(JOrphanUtils.java:664) ~[jorphan.jar:5.6.3]
	at org.apache.jorphan.util.JOrphanUtils.canSafelyWriteToFolder(JOrphanUtils.java:620) ~[jorphan.jar:5.6.3]
	at org.apache.jmeter.JMeter.extractAndSetReportOutputFolder(JMeter.java:542) ~[ApacheJMeter_core.jar:5.6.3]
	at org.apache.jmeter.JMeter.start(JMeter.java:483) [ApacheJMeter_core.jar:5.6.3]
	at java.base/jdk.internal.reflect.DirectMethodHandleAccessor.invoke(DirectMethodHandleAccessor.java:104) ~[?:?]
	at java.base/java.lang.reflect.Method.invoke(Method.java:565) ~[?:?]
	at org.apache.jmeter.NewDriver.main(NewDriver.java:259) [ApacheJMeter.jar:5.6.3]
