2026-03-12 18:36:31,736 INFO o.a.j.u.JMeterUtils: Setting Locale to en_EN
2026-03-12 18:36:31,767 INFO o.a.j.JMeter: Loading user properties from: user.properties
2026-03-12 18:36:31,776 INFO o.a.j.JMeter: Loading system properties from: system.properties
2026-03-12 18:36:31,793 INFO o.a.j.JMeter: Copyright (c) 1998-2024 The Apache Software Foundation
2026-03-12 18:36:31,793 INFO o.a.j.JMeter: Version 5.6.3
2026-03-12 18:36:31,794 INFO o.a.j.JMeter: java.version=1.8.0_202
2026-03-12 18:36:31,794 INFO o.a.j.JMeter: java.vm.name=Java HotSpot(TM) 64-Bit Server VM
2026-03-12 18:36:31,794 INFO o.a.j.JMeter: os.name=Windows 10
2026-03-12 18:36:31,794 INFO o.a.j.JMeter: os.arch=amd64
2026-03-12 18:36:31,794 INFO o.a.j.JMeter: os.version=10.0
2026-03-12 18:36:31,797 INFO o.a.j.JMeter: file.encoding=Cp1252
2026-03-12 18:36:31,797 INFO o.a.j.JMeter: java.awt.headless=null
2026-03-12 18:36:31,797 INFO o.a.j.JMeter: Max memory     =1073741824
2026-03-12 18:36:31,798 INFO o.a.j.JMeter: Available Processors =4
2026-03-12 18:36:31,815 INFO o.a.j.JMeter: Default Locale=English (EN)
2026-03-12 18:36:31,816 INFO o.a.j.JMeter: JMeter  Locale=English (EN)
2026-03-12 18:36:31,816 INFO o.a.j.JMeter: JMeterHome=C:\apache-jmeter-5.6.3
2026-03-12 18:36:31,816 INFO o.a.j.JMeter: user.dir  =C:\apache-jmeter-5.6.3\bin
2026-03-12 18:36:31,816 INFO o.a.j.JMeter: PWD       =C:\apache-jmeter-5.6.3\bin
2026-03-12 18:36:31,818 INFO o.a.j.JMeter: IP: 192.168.68.111 Name: DESKTOP-5ITQURM FullName: DESKTOP-5ITQURM
2026-03-12 18:36:31,845 INFO o.a.j.JMeter: Loaded icon properties from org/apache/jmeter/images/icon.properties
2026-03-12 18:36:32,252 INFO o.a.j.JMeterGuiLauncher: Setting LAF to: com.github.weisj.darklaf.DarkLaf:com.github.weisj.darklaf.theme.DarculaTheme
